nodes core random 4 games
nodes core greedy 8 games
nodes core neural 12 games
nodes core core 16 games
nodes O random 20 games
nodes O greedy 24 games
nodes O neural 28 games
nodes O core 32 games
nodes D random 36 games
nodes D greedy 40 games
nodes D neural 44 games
nodes D core 48 games
nodes DO random 52 games
nodes DO greedy 56 games
nodes DO neural 60 games
nodes DO core 64 games
nodes A random 68 games
nodes A greedy 72 games
nodes A neural 76 games
nodes A core 80 games
nodes AO random 84 games
nodes AO greedy 88 games
nodes AO neural 92 games
nodes AO core 96 games
nodes AD random 100 games
nodes AD greedy 104 games
nodes AD neural 108 games
nodes AD core 112 games
nodes ADO random 116 games
nodes ADO greedy 120 games
nodes ADO neural 124 games
nodes ADO core 128 games
wall core random 132 games
wall core greedy 136 games
wall core neural 140 games
wall core core 144 games
wall O random 148 games
wall O greedy 152 games
wall O neural 156 games
wall O core 160 games
wall D random 164 games
wall D greedy 168 games
wall D neural 172 games
wall D core 176 games
wall DO random 180 games
wall DO greedy 184 games
wall DO neural 188 games
wall DO core 192 games
wall A random 196 games
wall A greedy 200 games
wall A neural 204 games
wall A core 208 games
wall AO random 212 games
wall AO greedy 216 games
wall AO neural 220 games
wall AO core 224 games
wall AD random 228 games
wall AD greedy 232 games
wall AD neural 236 games
wall AD core 240 games
wall ADO random 244 games
wall ADO greedy 248 games
wall ADO neural 252 games
wall ADO core 256 games
