{
  "passed": true,
  "original_positions": 120,
  "augmented_examples": 1440,
  "training": [
    {
      "examples": 1440,
      "updates": 22,
      "sampled_examples": 1408,
      "seconds": 4.866254459018819,
      "updates_per_second": 4.520930868961557
    }
  ],
  "game_summary": {
    "self_play": {
      "length_plies": {
        "count": 4,
        "mean": 30.0,
        "min": 30.0,
        "median": 30.0,
        "p95": 30.0,
        "max": 30.0
      },
      "reasons": {
        "corner": 0,
        "stalemate": 0,
        "repetition": 0,
        "no-capture limit": 4
      }
    },
    "evaluation": {
      "length_plies": {
        "count": 4,
        "mean": 30.0,
        "min": 30.0,
        "median": 30.0,
        "p95": 30.0,
        "max": 30.0
      },
      "reasons": {
        "corner": 0,
        "stalemate": 0,
        "repetition": 0,
        "no-capture limit": 4
      }
    }
  },
  "learn_seconds": 10.011893082992174,
  "process_peak_rss_bytes": 573063168
}
Completed: /Users/work/orca/workspaces/alpha-zero-general/issue-14-intransitive-measure-training/checkpoints/issue14/final-w2-seed141/report.json
