python 0 1.967404578783665 1.863469477454686
python 1 0.7156657434535841 0.846856080363503
python 2 1.2759492183439116 1.2810947213390205
python 3 1.7154336211297365 1.6432894952583956
python 4 0.7762630891652935 0.8668931006620071
rust 0 1.410698465295947 1.3212318201851045
rust 1 1.0764809871074796 1.059571166855238
rust 2 1.2287389440872034 1.192210619612202
rust 3 1.1028559955684194 1.0783981789973567
rust 4 1.1922124882380352 1.1347407010186203
{
  "python": {
    "median_speedup": 1.2759492183439116,
    "median_cpu_speedup": 1.2810947213390205,
    "before": {
      "seconds": 2.322162833996117,
      "nodes": 272070,
      "nodes_per_second": 117162.3264384977,
      "cpu_seconds": 2.154787999999998,
      "nodes_per_cpu_second": 126263.00127901224
    },
    "after": {
      "seconds": 1.8489834580104798,
      "nodes": 272070,
      "nodes_per_second": 147145.7188117569,
      "cpu_seconds": 1.7056029999999964,
      "nodes_per_cpu_second": 159515.43237201188
    }
  },
  "rust": {
    "median_speedup": 1.1922124882380352,
    "median_cpu_speedup": 1.1347407010186203,
    "before": {
      "seconds": 8.18857571107219,
      "nodes": 6523345,
      "nodes_per_second": 796639.7613176432,
      "cpu_seconds": 7.2009929999999995,
      "nodes_per_cpu_second": 905895.2008424394
    },
    "after": {
      "seconds": 6.868386123998789,
      "nodes": 6523345,
      "nodes_per_second": 949763.8720698619,
      "cpu_seconds": 6.345936999999999,
      "nodes_per_cpu_second": 1027956.1552533535
    }
  }
}
