INFO:Coach:File with trainExamples found. Loading it...
INFO:Coach:Loading done!
Self Play:   0%|                                                                                  | 0/2 [00:00<?, ?it/s]Self Play:  50%|█████████████████████████████████████                                     | 1/2 [00:05<00:05,  5.53s/it]Self Play: 100%|██████████████████████████████████████████████████████████████████████████| 2/2 [00:05<00:00,  2.40s/it]Self Play: 100%|██████████████████████████████████████████████████████████████████████████| 2/2 [00:05<00:00,  2.87s/it]
INFO:Coach:Iter #1 - new vs previous: 0-0  (2 draws) --> REJECTED (1)
{
  "passed": true,
  "self_play_positions": 60,
  "augmented_examples": 720,
  "training": [
    {
      "examples": 1440,
      "updates": 22,
      "max_parameter_delta": 0.0031274333596229553,
      "seconds": 4.505331125110388
    }
  ],
  "arena": {
    "candidate_wins": 0,
    "candidate_losses": 0,
    "draws": 2,
    "accepted": false,
    "retained": "temp.pt"
  },
  "checkpoint_games": [
    {
      "backend": "cpu",
      "wins": 0,
      "losses": 0,
      "draws": 2
    },
    {
      "backend": "onnx",
      "wins": 0,
      "losses": 0,
      "draws": 2
    }
  ],
  "elapsed_seconds": 13.95552870805841
}
Report: /Users/work/orca/workspaces/alpha-zero-general/issue-16-intransitive-evaluate-symmetry/checkpoints/quickstart/resumed/report.json
