INFO:Coach:File with trainExamples found. Loading it...
INFO:Coach:Loading done!
Self Play:   0%|                                                                                  | 0/2 [00:00<?, ?it/s]Self Play:  50%|█████████████████████████████████████                                     | 1/2 [00:06<00:06,  6.42s/it]Self Play: 100%|██████████████████████████████████████████████████████████████████████████| 2/2 [00:06<00:00,  2.76s/it]Self Play: 100%|██████████████████████████████████████████████████████████████████████████| 2/2 [00:06<00:00,  3.31s/it]
INFO:Coach:Iter #1 - new vs previous: 0-1  (1 draws) --> REJECTED (1)
{
  "passed": true,
  "self_play_positions": 151,
  "augmented_examples": 1812,
  "training": [
    {
      "examples": 2532,
      "updates": 39,
      "max_parameter_delta": 0.005008216947317123,
      "seconds": 7.541717666084878
    }
  ],
  "arena": {
    "candidate_wins": 0,
    "candidate_losses": 1,
    "draws": 1,
    "accepted": false,
    "retained": "temp.pt"
  },
  "checkpoint_games": [
    {
      "backend": "cpu",
      "wins": 0,
      "losses": 0,
      "draws": 2
    },
    {
      "backend": "onnx",
      "wins": 0,
      "losses": 0,
      "draws": 2
    }
  ],
  "elapsed_seconds": 18.351008584024385
}
Report: /Users/work/orca/workspaces/alpha-zero-general/issue-13-intransitive-complete-bounded/checkpoints/issue13/resume-onnx/report.json
