rust 0 2.6388020375038264 2.587889991128042
rust 1 1.998144004998213 2.072017693782488
rust 2 2.591122210025799 2.5632550144354966
rust 3 2.2996412716694095 2.299796074956727
rust 4 2.559835776757616 2.5447401976085424
{
  "rust": {
    "median_speedup": 2.559835776757616,
    "median_cpu_speedup": 2.5447401976085424,
    "before": {
      "seconds": 6.402337626030203,
      "nodes": 6523345,
      "nodes_per_second": 1018900.4986987585,
      "cpu_seconds": 6.093170000000001,
      "nodes_per_cpu_second": 1070599.540140846
    },
    "after": {
      "seconds": 2.5653308749897406,
      "nodes": 6523345,
      "nodes_per_second": 2542886.402529299,
      "cpu_seconds": 2.450804999999999,
      "nodes_per_cpu_second": 2661715.2323420276
    }
  }
}
